Microchip MPLAB XC8 Compiler V2.10 ()

Linker command line:

-W-3 --edf=D:\pic\dat\en_msgs.txt -cs \
  -h+dist/default/production\7-serialPwdCreateOp.X.production.sym \
  --cmf=dist/default/production\7-serialPwdCreateOp.X.production.cmf -z \
  -Q16F876A -oC:\Users\Admin\AppData\Local\Temp\skc4.2 \
  --defsym=__MPLAB_BUILD=1 \
  -Mdist/default/production/7-serialPwdCreateOp.X.production.map -E1 \
  -ver=XC8 --acfsm=1493 -ASTACK=0110h-016Fh -pstack=STACK \
  -ACODE=00h-07FFhx4 -ASTRCODE=00h-01FFFh -ASTRING=00h-0FFhx32 \
  -ACONST=00h-0FFhx32 -AENTRY=00h-0FFhx32 -ACOMMON=070h-07Fh \
  -ABANK0=020h-06Fh -ABANK1=0A0h-0EFh -ABANK2=0110h-016Fh \
  -ABANK3=0190h-01EFh -ARAM=020h-06Fh,0A0h-0EFh,0110h-016Fh,0190h-01EFh \
  -AABS1=020h-07Fh,0A0h-0EFh,0110h-016Fh,0190h-01EFh -ASFR0=00h-01Fh \
  -ASFR1=080h-09Fh -ASFR2=0100h-010Fh -ASFR3=0180h-018Fh \
  -preset_vec=00h,intentry,init,end_init -ppowerup=CODE -pcinit=CODE \
  -pfunctab=ENTRY -ACONFIG=02007h-02007h -pconfig=CONFIG -DCONFIG=2 \
  -AIDLOC=02000h-02003h -pidloc=IDLOC -DIDLOC=2 -AEEDATA=00h-0FFh/02100h \
  -peeprom_data=EEDATA -DEEDATA=2 -DCODE=2 -DSTRCODE=2 -DSTRING=2 -DCONST=2 \
  -DENTRY=2 -k C:\Users\Admin\AppData\Local\Temp\skc4.o \
  dist/default/production\7-serialPwdCreateOp.X.production.o 

Object code version is 3.11

Machine type is 16F876A



                Name                               Link     Load   Length Selector   Space Scale
C:\Users\Admin\AppData\Local\Temp\skc4.o
                end_init                              0        0        3        0       0
                config                             2007     2007        1     400E       0
dist/default/production\7-serialPwdCreateOp.X.production.o
                cinit                               7EF      7EF       11      FDE       0
                text8                               635      635        D      C6A       0
                text7                               685      685       32      D0A       0
                text6                               625      625        8      C4A       0
                text5                               6B7      6B7       34      D6E       0
                text4                               6EB      6EB       34      DD6       0
                text3                               642      642       19      C84       0
                text2                               77E      77E       71      EFC       0
                text1                               71F      71F       5F      E3E       0
                maintext                            65B      65B       2A      CB6       0
                cstackBANK0                          20       20       28       20       1
                cstackCOMMON                         70       70        E       70       1
                clrtext                             62D      62D        8      C5A       0
                bssBANK1                             A0       A0       28       A0       1
                bssBANK0                             48       48        2       20       1
                strings                               3        3       F8        6       0

TOTAL           Name                               Link     Load   Length     Space
        CLASS   STACK          

        CLASS   CODE           
                end_init                              0        0        3         0
                cinit                               7EF      7EF       11         0
                text8                               635      635        D         0
                text7                               685      685       32         0
                text6                               625      625        8         0
                text5                               6B7      6B7       34         0
                text4                               6EB      6EB       34         0
                text3                               642      642       19         0
                text2                               77E      77E       71         0
                text1                               71F      71F       5F         0
                maintext                            65B      65B       2A         0
                clrtext                             62D      62D        8         0

        CLASS   STRCODE        

        CLASS   STRING         
                strings                               3        3       F8         0

        CLASS   CONST          

        CLASS   ENTRY          

        CLASS   COMMON         
                cstackCOMMON                         70       70        E         1

        CLASS   BANK0          
                cstackBANK0                          20       20       28         1
                bssBANK0                             48       48        2         1

        CLASS   BANK1          
                bssBANK1                             A0       A0       28         1

        CLASS   BANK2          

        CLASS   BANK3          

        CLASS   RAM            

        CLASS   ABS1           
                abs_s1                               7E       7E        2         1

        CLASS   SFR0           

        CLASS   SFR1           

        CLASS   SFR2           

        CLASS   SFR3           

        CLASS   CONFIG         
                config                             2007     2007        1         0

        CLASS   IDLOC          

        CLASS   EEDATA         



SEGMENTS        Name                           Load    Length   Top    Selector   Space  Class     Delta

                reset_vec                      000000  000003  000003         0       0  CODE        2
                strings                        000003  0000F8  0000FB         6       0  STRING      2
                cstackBANK0                    000020  00002A  00004A        20       1  BANK0       1
                cstackCOMMON                   000070  00000E  00007E        70       1  COMMON      1
                bssBANK1                       0000A0  000028  0000C8        A0       1  BANK1       1
                text6                          000625  000008  00062D       C4A       0  CODE        2
                clrtext                        00062D  000008  000635       C5A       0  CODE        2
                text8                          000635  00000D  000642       C6A       0  CODE        2
                text3                          000642  000019  00065B       C84       0  CODE        2
                maintext                       00065B  00002A  000685       CB6       0  CODE        2
                text7                          000685  000032  0006B7       D0A       0  CODE        2
                text5                          0006B7  000034  0006EB       D6E       0  CODE        2
                text4                          0006EB  000034  00071F       DD6       0  CODE        2
                text1                          00071F  00005F  00077E       E3E       0  CODE        2
                text2                          00077E  000071  0007EF       EFC       0  CODE        2
                cinit                          0007EF  000011  000800       FDE       0  CODE        2
                config                         002007  000001  002008      400E       0  CONFIG      2


UNUSED ADDRESS RANGES

        Name                Unused          Largest block    Delta
        BANK0            004A-006F             26           1
        BANK1            00C8-00EF             28           1
        BANK2            0110-016F             60           1
        BANK3            0190-01EF             60           1
        CODE             00FB-0624            52A           2
                         0800-1FFF            800
        CONST            00FB-0624            100           2
                         0800-1FFF            100
        EEDATA           2100-21FF            100           2
        ENTRY            00FB-0624            100           2
                         0800-1FFF            100
        IDLOC            2000-2003              4           2
        RAM              004A-006F             26           1
                         00C8-00EF             28
                         0110-016F             60
                         0190-01EF             60
        SFR0             0000-001F             20           1
        SFR1             0080-009F             20           1
        SFR2             0100-010F             10           1
        SFR3             0180-018F             10           1
        STACK            0110-016F             60           1
        STRCODE          00FB-0624            52A           2
                         0800-1FFF           1800
        STRING           00FB-0624            100           2
                         0800-1FFF            100

                                  Symbol Table

?_strcmp                       cstackCOMMON 0070
?_strlen                       cstackCOMMON 0070
_RCIF                          (abs)        0065
_RCREG                         (abs)        001A
_RCSTA                         (abs)        0018
_SPBRG                         (abs)        0099
_TRMT                          (abs)        04C1
_TXREG                         (abs)        0019
_TXSTA                         (abs)        0098
__CFG_BOREN$ON                 (abs)        0000
__CFG_CP$OFF                   (abs)        0000
__CFG_CPD$OFF                  (abs)        0000
__CFG_FOSC$EXTRC               (abs)        0000
__CFG_LVP$ON                   (abs)        0000
__CFG_PWRTE$OFF                (abs)        0000
__CFG_WDTE$OFF                 (abs)        0000
__CFG_WRT$OFF                  (abs)        0000
__Habs1                        abs1         0000
__Hbank0                       bank0        0000
__Hbank1                       bank1        0000
__Hbank2                       bank2        0000
__Hbank3                       bank3        0000
__HbssBANK0                    bssBANK0     0000
__HbssBANK1                    bssBANK1     0000
__Hcinit                       cinit        0800
__Hclrtext                     clrtext      0000
__Hcode                        code         0000
__Hcommon                      common       0000
__Hconfig                      config       2008
__HcstackBANK0                 cstackBANK0  0000
__HcstackCOMMON                cstackCOMMON 0000
__Heeprom_data                 eeprom_data  0000
__Hend_init                    end_init     0003
__Hfunctab                     functab      0000
__Hidloc                       idloc        0000
__Hinit                        init         0000
__Hintentry                    intentry     0000
__Hmaintext                    maintext     0000
__Hpowerup                     powerup      0000
__Hram                         ram          0000
__Hreset_vec                   reset_vec    0000
__Hsfr0                        sfr0         0000
__Hsfr1                        sfr1         0000
__Hsfr2                        sfr2         0000
__Hsfr3                        sfr3         0000
__Hspace_0                     (abs)        2008
__Hspace_1                     (abs)        00C8
__Hspace_2                     (abs)        0000
__Hspace_3                     (abs)        0000
__Hstack                       stack        0000
__Hstrings                     strings      0000
__Htext                        text         0000
__Labs1                        abs1         0000
__Lbank0                       bank0        0000
__Lbank1                       bank1        0000
__Lbank2                       bank2        0000
__Lbank3                       bank3        0000
__LbssBANK0                    bssBANK0     0000
__LbssBANK1                    bssBANK1     0000
__Lcinit                       cinit        07EF
__Lclrtext                     clrtext      0000
__Lcode                        code         0000
__Lcommon                      common       0000
__Lconfig                      config       2007
__LcstackBANK0                 cstackBANK0  0000
__LcstackCOMMON                cstackCOMMON 0000
__Leeprom_data                 eeprom_data  0000
__Lend_init                    end_init     0000
__Lfunctab                     functab      0000
__Lidloc                       idloc        0000
__Linit                        init         0000
__Lintentry                    intentry     0000
__Lmaintext                    maintext     0000
__Lpowerup                     powerup      0000
__Lram                         ram          0000
__Lreset_vec                   reset_vec    0000
__Lsfr0                        sfr0         0000
__Lsfr1                        sfr1         0000
__Lsfr2                        sfr2         0000
__Lsfr3                        sfr3         0000
__Lspace_0                     (abs)        0000
__Lspace_1                     (abs)        0000
__Lspace_2                     (abs)        0000
__Lspace_3                     (abs)        0000
__Lstack                       stack        0000
__Lstrings                     strings      0000
__Ltext                        text         0000
__S0                           (abs)        2008
__S1                           (abs)        00C8
__S2                           (abs)        0000
__S3                           (abs)        0000
___int_sp                      stack        0000
___latbits                     (abs)        0002
___sp                          stack        0000
___stackhi                     (abs)        0000
___stacklo                     (abs)        0000
__end_of__initialization       cinit        07FC
__end_of__stringtab            strings      0013
__end_of_configRegistres       text8        0642
__end_of_createPassword        text2        07EF
__end_of_main                  maintext     0685
__end_of_printMessage          text7        06B7
__end_of_readMessage           text5        06EB
__end_of_receiveCharacter      text6        062D
__end_of_strcmp                text4        071F
__end_of_strlen                text3        065B
__end_of_validatePassword      text1        077E
__initialization               cinit        07EF
__pbssBANK0                    bssBANK0     0048
__pbssBANK1                    bssBANK1     00A0
__pcstackBANK0                 cstackBANK0  0020
__pcstackCOMMON                cstackCOMMON 0070
__pmaintext                    maintext     065B
__pstrings                     strings      0003
__ptext1                       text1        071F
__ptext2                       text2        077E
__ptext3                       text3        0642
__ptext4                       text4        06EB
__ptext5                       text5        06B7
__ptext6                       text6        0625
__ptext7                       text7        0685
__ptext8                       text8        0635
__size_of_configRegistres      (abs)        0000
__size_of_createPassword       (abs)        0000
__size_of_main                 (abs)        0000
__size_of_printMessage         (abs)        0000
__size_of_readMessage          (abs)        0000
__size_of_receiveCharacter     (abs)        0000
__size_of_strcmp               (abs)        0000
__size_of_strlen               (abs)        0000
__size_of_validatePassword     (abs)        0000
__stringbase                   strings      0012
__stringtab                    strings      0003
_configRegistres               text8        0635
_createPassword                text2        077E
_main                          maintext     065B
_printMessage                  text7        0685
_readMessage                   text5        06B7
_receiveCharacter              text6        0625
_resetMode                     bssBANK0     0048
_strcmp                        text4        06EB
_strlen                        text3        0642
_userPassword                  bssBANK1     00A0
_validatePassword              text1        071F
btemp                          (abs)        007E
clear_ram0                     clrtext      062D
end_of_initialization          cinit        07FC
intlevel0                      functab      0000
intlevel1                      functab      0000
intlevel2                      functab      0000
intlevel3                      functab      0000
intlevel4                      functab      0000
intlevel5                      functab      0000
main@serialBuffer              cstackBANK0  0020
printMessage@i                 cstackCOMMON 0077
printMessage@message           cstackCOMMON 0075
readMessage@i                  cstackCOMMON 007B
readMessage@message            cstackCOMMON 007D
reset_vec                      reset_vec    0000
start                          init         0000
start_initialization           cinit        07EF
strcmp@r                       cstackCOMMON 0075
strcmp@s1                      cstackCOMMON 0076
strcmp@s2                      cstackCOMMON 0070
strlen@cp                      cstackCOMMON 0073
strlen@s                       cstackCOMMON 0074
validatePassword@password      cstackCOMMON 007B
validatePassword@stockPassword cstackCOMMON 007A
wtemp0                         (abs)        007E


FUNCTION INFORMATION:

 *************** function _main *****************
 Defined at:
		line 114 in file "serialPwdCreateOpt.c"
 Parameters:    Size  Location     Type
		None
 Auto vars:     Size  Location     Type
  serialBuffer   40    0[BANK0 ] PTR unsigned char [40]
 Return value:  Size  Location     Type
                  1    wreg      void 
 Registers used:
		wreg, fsr0l, fsr0h, status,2, status,0, btemp+1, pclath, cstack
 Tracked objects:
		On entry : 
		On exit  : 
		Unchanged: 
 Data sizes:     COMMON   BANK0   BANK1   BANK3   BANK2
      Params:         0       0       0       0       0
      Locals:         0      40       0       0       0
      Temps:          0       0       0       0       0
      Totals:         0      40       0       0       0
Total ram usage:       40 bytes
 Hardware stack levels required when called:    4
 This function calls:
		_configRegistres
		_createPassword
		_printMessage
		_readMessage
		_validatePassword
 This function is called by:
		Startup code after reset
 This function uses a non-reentrant model


 *************** function _validatePassword *****************
 Defined at:
		line 91 in file "serialPwdCreateOpt.c"
 Parameters:    Size  Location     Type
  password        1    wreg     PTR unsigned char 
		 -> main@serialBuffer(40), 
 Auto vars:     Size  Location     Type
  password        1   11[COMMON] PTR unsigned char 
		 -> main@serialBuffer(40), 
  stockPasswor    1   10[COMMON] PTR unsigned char 
		 -> STR_7(7), 
 Return value:  Size  Location     Type
                  1    wreg      void 
 Registers used:
		wreg, fsr0l, fsr0h, status,2, status,0, btemp+1, pclath, cstack
 Tracked objects:
		On entry : 
		On exit  : 
		Unchanged: 
 Data sizes:     COMMON   BANK0   BANK1   BANK3   BANK2
      Params:         0       0       0       0       0
      Locals:         2       0       0       0       0
      Temps:          1       0       0       0       0
      Totals:         3       0       0       0       0
Total ram usage:        3 bytes
 Hardware stack levels used:    1
 Hardware stack levels required when called:    2
 This function calls:
		_printMessage
		_strcmp
 This function is called by:
		_main
 This function uses a non-reentrant model


 *************** function _createPassword *****************
 Defined at:
		line 72 in file "serialPwdCreateOpt.c"
 Parameters:    Size  Location     Type
		None
 Auto vars:     Size  Location     Type
		None
 Return value:  Size  Location     Type
                  1    wreg      void 
 Registers used:
		wreg, fsr0l, fsr0h, status,2, status,0, btemp+1, pclath, cstack
 Tracked objects:
		On entry : 
		On exit  : 
		Unchanged: 
 Data sizes:     COMMON   BANK0   BANK1   BANK3   BANK2
      Params:         0       0       0       0       0
      Locals:         0       0       0       0       0
      Temps:          0       0       0       0       0
      Totals:         0       0       0       0       0
Total ram usage:        0 bytes
 Hardware stack levels used:    1
 Hardware stack levels required when called:    3
 This function calls:
		_printMessage
		_readMessage
		_strcmp
		_strlen
 This function is called by:
		_main
 This function uses a non-reentrant model


 *************** function _strlen *****************
 Defined at:
		line 4 in file "D:\pic\sources\c90\common\strlen.c"
 Parameters:    Size  Location     Type
  s               1    wreg     PTR const unsigned char 
		 -> userPassword(40), 
 Auto vars:     Size  Location     Type
  s               1    4[COMMON] PTR const unsigned char 
		 -> userPassword(40), 
  cp              1    3[COMMON] PTR const unsigned char 
		 -> userPassword(40), 
 Return value:  Size  Location     Type
                  2    0[COMMON] unsigned int 
 Registers used:
		wreg, fsr0l, fsr0h, status,2, status,0
 Tracked objects:
		On entry : 
		On exit  : 
		Unchanged: 
 Data sizes:     COMMON   BANK0   BANK1   BANK3   BANK2
      Params:         2       0       0       0       0
      Locals:         2       0       0       0       0
      Temps:          1       0       0       0       0
      Totals:         5       0       0       0       0
Total ram usage:        5 bytes
 Hardware stack levels used:    1
 This function calls:
		Nothing
 This function is called by:
		_createPassword
 This function uses a non-reentrant model


 *************** function _strcmp *****************
 Defined at:
		line 33 in file "D:\pic\sources\c90\common\strcmp.c"
 Parameters:    Size  Location     Type
  s1              1    wreg     PTR const unsigned char 
		 -> main@serialBuffer(40), userPassword(40), 
  s2              2    0[COMMON] PTR const unsigned char 
		 -> STR_9(1), STR_7(7), NULL(0), userPassword(40), 
 Auto vars:     Size  Location     Type
  s1              1    6[COMMON] PTR const unsigned char 
		 -> main@serialBuffer(40), userPassword(40), 
  r               1    5[COMMON] char 
 Return value:  Size  Location     Type
                  2    0[COMMON] int 
 Registers used:
		wreg, fsr0l, fsr0h, status,2, status,0, btemp+1, pclath
 Tracked objects:
		On entry : 
		On exit  : 
		Unchanged: 
 Data sizes:     COMMON   BANK0   BANK1   BANK3   BANK2
      Params:         2       0       0       0       0
      Locals:         2       0       0       0       0
      Temps:          3       0       0       0       0
      Totals:         7       0       0       0       0
Total ram usage:        7 bytes
 Hardware stack levels used:    2
 This function calls:
		Nothing
 This function is called by:
		_createPassword
		_validatePassword
 This function uses a non-reentrant model


 *************** function _readMessage *****************
 Defined at:
		line 59 in file "serialPwdCreateOpt.c"
 Parameters:    Size  Location     Type
  message         1    wreg     PTR unsigned char 
		 -> main@serialBuffer(40), userPassword(40), 
 Auto vars:     Size  Location     Type
  message         1   13[COMMON] PTR unsigned char 
		 -> main@serialBuffer(40), userPassword(40), 
  i               2   11[COMMON] int 
 Return value:  Size  Location     Type
                  1    wreg      void 
 Registers used:
		wreg, fsr0l, fsr0h, status,2, status,0, btemp+1, pclath, cstack
 Tracked objects:
		On entry : 
		On exit  : 
		Unchanged: 
 Data sizes:     COMMON   BANK0   BANK1   BANK3   BANK2
      Params:         0       0       0       0       0
      Locals:         3       0       0       0       0
      Temps:          2       0       0       0       0
      Totals:         5       0       0       0       0
Total ram usage:        5 bytes
 Hardware stack levels used:    1
 Hardware stack levels required when called:    2
 This function calls:
		_printMessage
		_receiveCharacter
 This function is called by:
		_createPassword
		_main
 This function uses a non-reentrant model


 *************** function _receiveCharacter *****************
 Defined at:
		line 52 in file "serialPwdCreateOpt.c"
 Parameters:    Size  Location     Type
		None
 Auto vars:     Size  Location     Type
		None
 Return value:  Size  Location     Type
                  1    wreg      unsigned char 
 Registers used:
		wreg
 Tracked objects:
		On entry : 
		On exit  : 
		Unchanged: 
 Data sizes:     COMMON   BANK0   BANK1   BANK3   BANK2
      Params:         0       0       0       0       0
      Locals:         0       0       0       0       0
      Temps:          0       0       0       0       0
      Totals:         0       0       0       0       0
Total ram usage:        0 bytes
 Hardware stack levels used:    1
 This function calls:
		Nothing
 This function is called by:
		_readMessage
 This function uses a non-reentrant model


 *************** function _printMessage *****************
 Defined at:
		line 43 in file "serialPwdCreateOpt.c"
 Parameters:    Size  Location     Type
  message         2    5[COMMON] PTR unsigned char 
		 -> STR_14(19), STR_13(28), STR_12(32), STR_11(28), 
		 -> STR_10(32), STR_6(17), RAM(512), STR_5(14), 
		 -> STR_4(51), STR_3(39), STR_2(23), STR_1(2), 
 Auto vars:     Size  Location     Type
  i               2    7[COMMON] int 
 Return value:  Size  Location     Type
                  1    wreg      void 
 Registers used:
		wreg, fsr0l, fsr0h, status,2, btemp+1, pclath
 Tracked objects:
		On entry : 
		On exit  : 
		Unchanged: 
 Data sizes:     COMMON   BANK0   BANK1   BANK3   BANK2
      Params:         2       0       0       0       0
      Locals:         2       0       0       0       0
      Temps:          0       0       0       0       0
      Totals:         4       0       0       0       0
Total ram usage:        4 bytes
 Hardware stack levels used:    2
 This function calls:
		Nothing
 This function is called by:
		_readMessage
		_createPassword
		_validatePassword
		_main
 This function uses a non-reentrant model


 *************** function _configRegistres *****************
 Defined at:
		line 35 in file "serialPwdCreateOpt.c"
 Parameters:    Size  Location     Type
		None
 Auto vars:     Size  Location     Type
		None
 Return value:  Size  Location     Type
                  1    wreg      void 
 Registers used:
		wreg
 Tracked objects:
		On entry : 
		On exit  : 
		Unchanged: 
 Data sizes:     COMMON   BANK0   BANK1   BANK3   BANK2
      Params:         0       0       0       0       0
      Locals:         0       0       0       0       0
      Temps:          0       0       0       0       0
      Totals:         0       0       0       0       0
Total ram usage:        0 bytes
 Hardware stack levels used:    1
 This function calls:
		Nothing
 This function is called by:
		_main
 This function uses a non-reentrant model



MODULE INFORMATION

Module		Function		Class		Link	Load	Size
D:\pic\sources\c90\common\strlen.c
		_strlen        		CODE           	0642	0000	26

D:\pic\sources\c90\common\strlen.c estimated size: 26

D:\pic\sources\c90\common\strcmp.c
		_strcmp        		CODE           	06EB	0000	53

D:\pic\sources\c90\common\strcmp.c estimated size: 53

shared
		__stringtab    		STRING         	0003	0000	17
		__initialization		CODE           	07EF	0000	14

shared estimated size: 31

serialPwdCreateOpt.c
		_createPassword		CODE           	077E	0000	114
		_main          		CODE           	065B	0000	43
		_readMessage   		CODE           	06B7	0000	53
		_configRegistres		CODE           	0635	0000	14
		_validatePassword		CODE           	071F	0000	96
		_printMessage  		CODE           	0685	0000	51
		_receiveCharacter		CODE           	0625	0000	9

serialPwdCreateOpt.c estimated size: 380

