Microchip MPLAB XC8 Compiler V2.10 ()

Linker command line:

-W-3 --edf=D:\pic\dat\en_msgs.txt -cs \
  -h+dist/default/production\13-iic.X.production.sym \
  --cmf=dist/default/production\13-iic.X.production.cmf -z -Q16F876A \
  -oC:\Users\Admin\AppData\Local\Temp\seec.2 --defsym=__MPLAB_BUILD=1 \
  -Mdist/default/production/13-iic.X.production.map -E1 -ver=XC8 \
  --acfsm=1493 -ASTACK=0110h-016Fh -pstack=STACK -ACODE=00h-07FFhx4 \
  -ASTRCODE=00h-01FFFh -ASTRING=00h-0FFhx32 -ACONST=00h-0FFhx32 \
  -AENTRY=00h-0FFhx32 -ACOMMON=070h-07Fh -ABANK0=020h-06Fh \
  -ABANK1=0A0h-0EFh -ABANK2=0110h-016Fh -ABANK3=0190h-01EFh \
  -ARAM=020h-06Fh,0A0h-0EFh,0110h-016Fh,0190h-01EFh \
  -AABS1=020h-07Fh,0A0h-0EFh,0110h-016Fh,0190h-01EFh -ASFR0=00h-01Fh \
  -ASFR1=080h-09Fh -ASFR2=0100h-010Fh -ASFR3=0180h-018Fh \
  -preset_vec=00h,intentry,init,end_init -ppowerup=CODE -pcinit=CODE \
  -pfunctab=ENTRY -ACONFIG=02007h-02007h -pconfig=CONFIG -DCONFIG=2 \
  -AIDLOC=02000h-02003h -pidloc=IDLOC -DIDLOC=2 -AEEDATA=00h-0FFh/02100h \
  -peeprom_data=EEDATA -DEEDATA=2 -DCODE=2 -DSTRCODE=2 -DSTRING=2 -DCONST=2 \
  -DENTRY=2 -k C:\Users\Admin\AppData\Local\Temp\seec.o \
  dist/default/production\13-iic.X.production.o 

Object code version is 3.11

Machine type is 16F876A



                Name                               Link     Load   Length Selector   Space Scale
C:\Users\Admin\AppData\Local\Temp\seec.o
                end_init                              0        0        3        0       0
                config                             2007     2007        1     400E       0
dist/default/production\13-iic.X.production.o
                cinit                               7F3      7F3        D      FE6       0
                text10                              5BE      5BE        B      B7C       0
                text9                               5C9      5C9        B      B92       0
                text8                               5F8      5F8       2E      BF0       0
                text7                               5D4      5D4        B      BA8       0
                text6                               5A0      5A0        A      B40       0
                text5                               5DF      5DF       19      BBE       0
                text4                               626      626       44      C4C       0
                text3                               66A      66A       C4      CD4       0
                text2                               5AA      5AA        A      B54       0
                text1                               5B4      5B4        A      B68       0
                maintext                            72E      72E       C5      E5C       0
                cstackBANK0                          4B       4B       16       20       1
                cstackCOMMON                         70       70        B       70       1
                clrtext                             598      598        8      B30       0
                bssBANK0                             20       20       2B       20       1
                strings                               3        3       2A        6       0

TOTAL           Name                               Link     Load   Length     Space
        CLASS   STACK          

        CLASS   CODE           
                end_init                              0        0        3         0
                cinit                               7F3      7F3        D         0
                text10                              5BE      5BE        B         0
                text9                               5C9      5C9        B         0
                text8                               5F8      5F8       2E         0
                text7                               5D4      5D4        B         0
                text6                               5A0      5A0        A         0
                text5                               5DF      5DF       19         0
                text4                               626      626       44         0
                text3                               66A      66A       C4         0
                text2                               5AA      5AA        A         0
                text1                               5B4      5B4        A         0
                maintext                            72E      72E       C5         0
                clrtext                             598      598        8         0

        CLASS   STRCODE        

        CLASS   STRING         
                strings                               3        3       2A         0

        CLASS   CONST          

        CLASS   ENTRY          

        CLASS   COMMON         
                cstackCOMMON                         70       70        B         1

        CLASS   BANK0          
                cstackBANK0                          4B       4B       16         1
                bssBANK0                             20       20       2B         1

        CLASS   BANK1          

        CLASS   BANK2          

        CLASS   BANK3          

        CLASS   RAM            

        CLASS   ABS1           
                abs_s1                               7E       7E        2         1

        CLASS   SFR0           

        CLASS   SFR1           

        CLASS   SFR2           

        CLASS   SFR3           

        CLASS   CONFIG         
                config                             2007     2007        1         0

        CLASS   IDLOC          

        CLASS   EEDATA         



SEGMENTS        Name                           Load    Length   Top    Selector   Space  Class     Delta

                reset_vec                      000000  000003  000003         0       0  CODE        2
                strings                        000003  00002A  00002D         6       0  STRING      2
                bssBANK0                       000020  000041  000061        20       1  BANK0       1
                cstackCOMMON                   000070  00000B  00007B        70       1  COMMON      1
                clrtext                        000598  000008  0005A0       B30       0  CODE        2
                text6                          0005A0  00000A  0005AA       B40       0  CODE        2
                text2                          0005AA  00000A  0005B4       B54       0  CODE        2
                text1                          0005B4  00000A  0005BE       B68       0  CODE        2
                text10                         0005BE  00000B  0005C9       B7C       0  CODE        2
                text9                          0005C9  00000B  0005D4       B92       0  CODE        2
                text7                          0005D4  00000B  0005DF       BA8       0  CODE        2
                text5                          0005DF  000019  0005F8       BBE       0  CODE        2
                text8                          0005F8  00002E  000626       BF0       0  CODE        2
                text4                          000626  000044  00066A       C4C       0  CODE        2
                text3                          00066A  0000C4  00072E       CD4       0  CODE        2
                maintext                       00072E  0000C5  0007F3       E5C       0  CODE        2
                cinit                          0007F3  00000D  000800       FE6       0  CODE        2
                config                         002007  000001  002008      400E       0  CONFIG      2


UNUSED ADDRESS RANGES

        Name                Unused          Largest block    Delta
        BANK0            0061-006F              F           1
        BANK1            00A0-00EF             50           1
        BANK2            0110-016F             60           1
        BANK3            0190-01EF             60           1
        CODE             002D-0597            56B           2
                         0800-1FFF            800
        COMMON           007B-007D              3           1
        CONST            002D-0597            100           2
                         0800-1FFF            100
        EEDATA           2100-21FF            100           2
        ENTRY            002D-0597            100           2
                         0800-1FFF            100
        IDLOC            2000-2003              4           2
        RAM              0061-006F              F           1
                         00A0-00EF             50
                         0110-016F             60
                         0190-01EF             60
        SFR0             0000-001F             20           1
        SFR1             0080-009F             20           1
        SFR2             0100-010F             10           1
        SFR3             0180-018F             10           1
        STACK            0110-016F             60           1
        STRCODE          002D-0597            56B           2
                         0800-1FFF           1800
        STRING           002D-0597            100           2
                         0800-1FFF            100

                                  Symbol Table

?___lwdiv                cstackCOMMON 0070
?_send                   cstackCOMMON 0070
?_sprintf                cstackBANK0  004B
_ACKDT                   (abs)        048D
_ACKEN                   (abs)        048C
_ACKSTAT                 (abs)        048E
_PEN                     (abs)        048A
_RCEN                    (abs)        048B
_RCSTA                   (abs)        0018
_RSEN                    (abs)        0489
_SEN                     (abs)        0488
_SPBRG                   (abs)        0099
_SSPADD                  (abs)        0093
_SSPBUF                  (abs)        0013
_SSPCON                  (abs)        0014
_SSPIF                   (abs)        0063
_SSPSTAT                 (abs)        0094
_TRISC3                  (abs)        043B
_TRISC4                  (abs)        043C
_TRMT                    (abs)        04C1
_TXREG                   (abs)        0019
_TXSTA                   (abs)        0098
__CFG_BOREN$ON           (abs)        0000
__CFG_CP$OFF             (abs)        0000
__CFG_CPD$OFF            (abs)        0000
__CFG_FOSC$EXTRC         (abs)        0000
__CFG_LVP$ON             (abs)        0000
__CFG_PWRTE$OFF          (abs)        0000
__CFG_WDTE$OFF           (abs)        0000
__CFG_WRT$OFF            (abs)        0000
__Habs1                  abs1         0000
__Hbank0                 bank0        0000
__Hbank1                 bank1        0000
__Hbank2                 bank2        0000
__Hbank3                 bank3        0000
__HbssBANK0              bssBANK0     0000
__Hcinit                 cinit        0800
__Hclrtext               clrtext      0000
__Hcode                  code         0000
__Hcommon                common       0000
__Hconfig                config       2008
__HcstackBANK0           cstackBANK0  0000
__HcstackCOMMON          cstackCOMMON 0000
__Heeprom_data           eeprom_data  0000
__Hend_init              end_init     0003
__Hfunctab               functab      0000
__Hidloc                 idloc        0000
__Hinit                  init         0000
__Hintentry              intentry     0000
__Hmaintext              maintext     0000
__Hpowerup               powerup      0000
__Hram                   ram          0000
__Hreset_vec             reset_vec    0000
__Hsfr0                  sfr0         0000
__Hsfr1                  sfr1         0000
__Hsfr2                  sfr2         0000
__Hsfr3                  sfr3         0000
__Hspace_0               (abs)        2008
__Hspace_1               (abs)        007B
__Hspace_2               (abs)        0000
__Hspace_3               (abs)        0000
__Hstack                 stack        0000
__Hstrings               strings      0000
__Htext                  text         0000
__Labs1                  abs1         0000
__Lbank0                 bank0        0000
__Lbank1                 bank1        0000
__Lbank2                 bank2        0000
__Lbank3                 bank3        0000
__LbssBANK0              bssBANK0     0000
__Lcinit                 cinit        07F3
__Lclrtext               clrtext      0000
__Lcode                  code         0000
__Lcommon                common       0000
__Lconfig                config       2007
__LcstackBANK0           cstackBANK0  0000
__LcstackCOMMON          cstackCOMMON 0000
__Leeprom_data           eeprom_data  0000
__Lend_init              end_init     0000
__Lfunctab               functab      0000
__Lidloc                 idloc        0000
__Linit                  init         0000
__Lintentry              intentry     0000
__Lmaintext              maintext     0000
__Lpowerup               powerup      0000
__Lram                   ram          0000
__Lreset_vec             reset_vec    0000
__Lsfr0                  sfr0         0000
__Lsfr1                  sfr1         0000
__Lsfr2                  sfr2         0000
__Lsfr3                  sfr3         0000
__Lspace_0               (abs)        0000
__Lspace_1               (abs)        0000
__Lspace_2               (abs)        0000
__Lspace_3               (abs)        0000
__Lstack                 stack        0000
__Lstrings               strings      0000
__Ltext                  text         0000
__S0                     (abs)        2008
__S1                     (abs)        007B
__S2                     (abs)        0000
__S3                     (abs)        0000
___int_sp                stack        0000
___latbits               (abs)        0002
___lwdiv                 text4        0626
___lwdiv@counter         cstackCOMMON 0077
___lwdiv@dividend        cstackCOMMON 0072
___lwdiv@divisor         cstackCOMMON 0070
___lwdiv@quotient        cstackCOMMON 0075
___sp                    stack        0000
___stackhi               (abs)        0000
___stacklo               (abs)        0000
__end_of___lwdiv         text4        066A
__end_of__initialization cinit        07FC
__end_of__stringtab      strings      0009
__end_of_ack             text10       05C9
__end_of_hexpowers       strings      0011
__end_of_main            maintext     07F3
__end_of_nack            text9        05D4
__end_of_printToSerail   text8        0626
__end_of_read            text7        05DF
__end_of_restart         text6        05AA
__end_of_send            text5        05F8
__end_of_sprintf         text3        072E
__end_of_start           text2        05B4
__end_of_stop            text1        05BE
__initialization         cinit        07F3
__pbssBANK0              bssBANK0     0020
__pcstackBANK0           cstackBANK0  004B
__pcstackCOMMON          cstackCOMMON 0070
__pmaintext              maintext     072E
__pstrings               strings      0003
__ptext1                 text1        05B4
__ptext10                text10       05BE
__ptext2                 text2        05AA
__ptext3                 text3        066A
__ptext4                 text4        0626
__ptext5                 text5        05DF
__ptext6                 text6        05A0
__ptext7                 text7        05D4
__ptext8                 text8        05F8
__ptext9                 text9        05C9
__size_of___lwdiv        (abs)        0000
__size_of_ack            (abs)        0000
__size_of_main           (abs)        0000
__size_of_nack           (abs)        0000
__size_of_printToSerail  (abs)        0000
__size_of_read           (abs)        0000
__size_of_restart        (abs)        0000
__size_of_send           (abs)        0000
__size_of_sprintf        (abs)        0000
__size_of_start          (abs)        0000
__size_of_stop           (abs)        0000
__stringbase             strings      0008
__stringtab              strings      0003
_ack                     text10       05BE
_hexpowers               strings      0009
_hour                    bssBANK0     0020
_main                    maintext     072E
_minitue                 bssBANK0     0021
_nack                    text9        05C9
_printToSerail           text8        05F8
_read                    text7        05D4
_restart                 text6        05A0
_second                  bssBANK0     0022
_send                    text5        05DF
_sprintf                 text3        066A
_start                   text2        05AA
_stop                    text1        05B4
_time                    bssBANK0     0023
btemp                    (abs)        007E
clear_ram0               clrtext      0598
end_of_initialization    cinit        07FC
intlevel0                functab      0000
intlevel1                functab      0000
intlevel2                functab      0000
intlevel3                functab      0000
intlevel4                functab      0000
intlevel5                functab      0000
printToSerail@i          cstackCOMMON 0072
printToSerail@message    cstackCOMMON 0074
reset_vec                reset_vec    0000
send@ch                  cstackCOMMON 0074
sprintf@ap               cstackBANK0  0054
sprintf@c                cstackBANK0  0059
sprintf@f                cstackBANK0  004B
sprintf@idx              cstackBANK0  0053
sprintf@prec             cstackBANK0  0057
sprintf@sp               cstackBANK0  0058
sprintf@val              cstackBANK0  0055
start                    init         0000
start_initialization     cinit        07F3
wtemp0                   (abs)        007E


FUNCTION INFORMATION:

 *************** function _main *****************
 Defined at:
		line 87 in file "iic.c"
 Parameters:    Size  Location     Type
		None
 Auto vars:     Size  Location     Type
		None
 Return value:  Size  Location     Type
                  1    wreg      void 
 Registers used:
		wreg, fsr0l, fsr0h, status,2, status,0, btemp+1, pclath, cstack
 Tracked objects:
		On entry : 
		On exit  : 
		Unchanged: 
 Data sizes:     COMMON   BANK0   BANK1   BANK3   BANK2
      Params:         0       0       0       0       0
      Locals:         0       0       0       0       0
      Temps:          0       7       0       0       0
      Totals:         0       7       0       0       0
Total ram usage:        7 bytes
 Hardware stack levels required when called:    2
 This function calls:
		_ack
		_nack
		_printToSerail
		_read
		_restart
		_send
		_sprintf
		_start
		_stop
 This function is called by:
		Startup code after reset
 This function uses a non-reentrant model


 *************** function _stop *****************
 Defined at:
		line 40 in file "iic.c"
 Parameters:    Size  Location     Type
		None
 Auto vars:     Size  Location     Type
		None
 Return value:  Size  Location     Type
                  1    wreg      void 
 Registers used:
		None
 Tracked objects:
		On entry : 
		On exit  : 
		Unchanged: 
 Data sizes:     COMMON   BANK0   BANK1   BANK3   BANK2
      Params:         0       0       0       0       0
      Locals:         0       0       0       0       0
      Temps:          0       0       0       0       0
      Totals:         0       0       0       0       0
Total ram usage:        0 bytes
 Hardware stack levels used:    1
 This function calls:
		Nothing
 This function is called by:
		_main
 This function uses a non-reentrant model


 *************** function _start *****************
 Defined at:
		line 26 in file "iic.c"
 Parameters:    Size  Location     Type
		None
 Auto vars:     Size  Location     Type
		None
 Return value:  Size  Location     Type
                  1    wreg      void 
 Registers used:
		None
 Tracked objects:
		On entry : 
		On exit  : 
		Unchanged: 
 Data sizes:     COMMON   BANK0   BANK1   BANK3   BANK2
      Params:         0       0       0       0       0
      Locals:         0       0       0       0       0
      Temps:          0       0       0       0       0
      Totals:         0       0       0       0       0
Total ram usage:        0 bytes
 Hardware stack levels used:    1
 This function calls:
		Nothing
 This function is called by:
		_main
 This function uses a non-reentrant model


 *************** function _sprintf *****************
 Defined at:
		line 505 in file "D:\pic\sources\c90\common\doprnt.c"
 Parameters:    Size  Location     Type
  sp              1    wreg     PTR unsigned char 
		 -> time(40), 
  f               1    0[BANK0 ] PTR const unsigned char 
		 -> STR_1(11), 
 Auto vars:     Size  Location     Type
  sp              1   13[BANK0 ] PTR unsigned char 
		 -> time(40), 
  idx             1    8[BANK0 ] unsigned char 
  tmpval          4    0        struct .
  val             2   10[BANK0 ] unsigned int 
  cp              2    0        PTR const unsigned char 
  len             2    0        unsigned int 
  c               1   14[BANK0 ] unsigned char 
  prec            1   12[BANK0 ] char 
  ap              1    9[BANK0 ] PTR void [1]
		 -> ?_sprintf(2), 
  flag            1    0        unsigned char 
 Return value:  Size  Location     Type
                  2    0[BANK0 ] int 
 Registers used:
		wreg, fsr0l, fsr0h, status,2, status,0, btemp+1, pclath, cstack
 Tracked objects:
		On entry : 
		On exit  : 
		Unchanged: 
 Data sizes:     COMMON   BANK0   BANK1   BANK3   BANK2
      Params:         0       7       0       0       0
      Locals:         0       8       0       0       0
      Temps:          3       0       0       0       0
      Totals:         3      15       0       0       0
Total ram usage:       18 bytes
 Hardware stack levels used:    1
 Hardware stack levels required when called:    1
 This function calls:
		___lwdiv
 This function is called by:
		_main
 This function uses a non-reentrant model


 *************** function ___lwdiv *****************
 Defined at:
		line 5 in file "D:\pic\sources\c90\common\lwdiv.c"
 Parameters:    Size  Location     Type
  divisor         2    0[COMMON] unsigned int 
  dividend        2    2[COMMON] unsigned int 
 Auto vars:     Size  Location     Type
  quotient        2    5[COMMON] unsigned int 
  counter         1    7[COMMON] unsigned char 
 Return value:  Size  Location     Type
                  2    0[COMMON] unsigned int 
 Registers used:
		wreg, status,2, status,0
 Tracked objects:
		On entry : 
		On exit  : 
		Unchanged: 
 Data sizes:     COMMON   BANK0   BANK1   BANK3   BANK2
      Params:         4       0       0       0       0
      Locals:         3       0       0       0       0
      Temps:          1       0       0       0       0
      Totals:         8       0       0       0       0
Total ram usage:        8 bytes
 Hardware stack levels used:    1
 This function calls:
		Nothing
 This function is called by:
		_sprintf
 This function uses a non-reentrant model


 *************** function _send *****************
 Defined at:
		line 32 in file "iic.c"
 Parameters:    Size  Location     Type
  ch              1    wreg     unsigned char 
 Auto vars:     Size  Location     Type
  ch              1    4[COMMON] unsigned char 
 Return value:  Size  Location     Type
                  2    0[COMMON] int 
 Registers used:
		wreg, status,0
 Tracked objects:
		On entry : 
		On exit  : 
		Unchanged: 
 Data sizes:     COMMON   BANK0   BANK1   BANK3   BANK2
      Params:         2       0       0       0       0
      Locals:         1       0       0       0       0
      Temps:          2       0       0       0       0
      Totals:         5       0       0       0       0
Total ram usage:        5 bytes
 Hardware stack levels used:    1
 This function calls:
		Nothing
 This function is called by:
		_main
 This function uses a non-reentrant model


 *************** function _restart *****************
 Defined at:
		line 46 in file "iic.c"
 Parameters:    Size  Location     Type
		None
 Auto vars:     Size  Location     Type
		None
 Return value:  Size  Location     Type
                  1    wreg      void 
 Registers used:
		None
 Tracked objects:
		On entry : 
		On exit  : 
		Unchanged: 
 Data sizes:     COMMON   BANK0   BANK1   BANK3   BANK2
      Params:         0       0       0       0       0
      Locals:         0       0       0       0       0
      Temps:          0       0       0       0       0
      Totals:         0       0       0       0       0
Total ram usage:        0 bytes
 Hardware stack levels used:    1
 This function calls:
		Nothing
 This function is called by:
		_main
 This function uses a non-reentrant model


 *************** function _read *****************
 Defined at:
		line 53 in file "iic.c"
 Parameters:    Size  Location     Type
		None
 Auto vars:     Size  Location     Type
		None
 Return value:  Size  Location     Type
                  1    wreg      unsigned char 
 Registers used:
		wreg
 Tracked objects:
		On entry : 
		On exit  : 
		Unchanged: 
 Data sizes:     COMMON   BANK0   BANK1   BANK3   BANK2
      Params:         0       0       0       0       0
      Locals:         0       0       0       0       0
      Temps:          0       0       0       0       0
      Totals:         0       0       0       0       0
Total ram usage:        0 bytes
 Hardware stack levels used:    1
 This function calls:
		Nothing
 This function is called by:
		_main
 This function uses a non-reentrant model


 *************** function _printToSerail *****************
 Defined at:
		line 78 in file "iic.c"
 Parameters:    Size  Location     Type
  message         1    wreg     PTR unsigned char 
		 -> time(40), 
 Auto vars:     Size  Location     Type
  message         1    4[COMMON] PTR unsigned char 
		 -> time(40), 
  i               2    2[COMMON] int 
 Return value:  Size  Location     Type
                  1    wreg      void 
 Registers used:
		wreg, fsr0l, fsr0h, status,2, status,0
 Tracked objects:
		On entry : 
		On exit  : 
		Unchanged: 
 Data sizes:     COMMON   BANK0   BANK1   BANK3   BANK2
      Params:         0       0       0       0       0
      Locals:         3       0       0       0       0
      Temps:          2       0       0       0       0
      Totals:         5       0       0       0       0
Total ram usage:        5 bytes
 Hardware stack levels used:    1
 This function calls:
		Nothing
 This function is called by:
		_main
 This function uses a non-reentrant model


 *************** function _nack *****************
 Defined at:
		line 71 in file "iic.c"
 Parameters:    Size  Location     Type
		None
 Auto vars:     Size  Location     Type
		None
 Return value:  Size  Location     Type
                  1    wreg      void 
 Registers used:
		None
 Tracked objects:
		On entry : 
		On exit  : 
		Unchanged: 
 Data sizes:     COMMON   BANK0   BANK1   BANK3   BANK2
      Params:         0       0       0       0       0
      Locals:         0       0       0       0       0
      Temps:          0       0       0       0       0
      Totals:         0       0       0       0       0
Total ram usage:        0 bytes
 Hardware stack levels used:    1
 This function calls:
		Nothing
 This function is called by:
		_main
 This function uses a non-reentrant model


 *************** function _ack *****************
 Defined at:
		line 62 in file "iic.c"
 Parameters:    Size  Location     Type
		None
 Auto vars:     Size  Location     Type
		None
 Return value:  Size  Location     Type
                  1    wreg      void 
 Registers used:
		None
 Tracked objects:
		On entry : 
		On exit  : 
		Unchanged: 
 Data sizes:     COMMON   BANK0   BANK1   BANK3   BANK2
      Params:         0       0       0       0       0
      Locals:         0       0       0       0       0
      Temps:          0       0       0       0       0
      Totals:         0       0       0       0       0
Total ram usage:        0 bytes
 Hardware stack levels used:    1
 This function calls:
		Nothing
 This function is called by:
		_main
 This function uses a non-reentrant model



MODULE INFORMATION

Module		Function		Class		Link	Load	Size
D:\pic\sources\c90\common\lwdiv.c
		___lwdiv       		CODE           	0626	0000	69

D:\pic\sources\c90\common\lwdiv.c estimated size: 69

iic.c
		_printToSerail 		CODE           	05F8	0000	47
		_restart       		CODE           	05A0	0000	11
		_stop          		CODE           	05B4	0000	11
		_read          		CODE           	05D4	0000	12
		_main          		CODE           	072E	0000	198
		_start         		CODE           	05AA	0000	11
		_nack          		CODE           	05C9	0000	12
		_send          		CODE           	05DF	0000	26
		_ack           		CODE           	05BE	0000	12

iic.c estimated size: 340

shared
		__stringtab    		STRING         	0003	0000	7
		__initialization		CODE           	07F3	0000	10
		_hexpowers     		STRING         	0009	0000	9

shared estimated size: 26

D:\pic\sources\c90\common\doprnt.c
		_sprintf       		CODE           	066A	0000	197

D:\pic\sources\c90\common\doprnt.c estimated size: 197

