Microchip MPLAB XC8 Compiler V2.10 ()

Linker command line:

-W-3 --edf=D:\pic\dat\en_msgs.txt -cs \
  -h+dist/default/production\11-Adc-selector.X.production.sym \
  --cmf=dist/default/production\11-Adc-selector.X.production.cmf -z \
  -Q16F876A -oC:\Users\Admin\AppData\Local\Temp\se0c.2 \
  --defsym=__MPLAB_BUILD=1 \
  -Mdist/default/production/11-Adc-selector.X.production.map -E1 -ver=XC8 \
  --acfsm=1493 -ASTACK=0110h-016Fh -pstack=STACK -ACODE=00h-07FFhx4 \
  -ASTRCODE=00h-01FFFh -ASTRING=00h-0FFhx32 -ACONST=00h-0FFhx32 \
  -AENTRY=00h-0FFhx32 -ACOMMON=070h-07Fh -ABANK0=020h-06Fh \
  -ABANK1=0A0h-0EFh -ABANK2=0110h-016Fh -ABANK3=0190h-01EFh \
  -ARAM=020h-06Fh,0A0h-0EFh,0110h-016Fh,0190h-01EFh \
  -AABS1=020h-07Fh,0A0h-0EFh,0110h-016Fh,0190h-01EFh -ASFR0=00h-01Fh \
  -ASFR1=080h-09Fh -ASFR2=0100h-010Fh -ASFR3=0180h-018Fh \
  -preset_vec=00h,intentry,init,end_init -ppowerup=CODE -pcinit=CODE \
  -pfunctab=ENTRY -ACONFIG=02007h-02007h -pconfig=CONFIG -DCONFIG=2 \
  -AIDLOC=02000h-02003h -pidloc=IDLOC -DIDLOC=2 -AEEDATA=00h-0FFh/02100h \
  -peeprom_data=EEDATA -DEEDATA=2 -DCODE=2 -DSTRCODE=2 -DSTRING=2 -DCONST=2 \
  -DENTRY=2 -k C:\Users\Admin\AppData\Local\Temp\se0c.o \
  dist/default/production\11-Adc-selector.X.production.o 

Object code version is 3.11

Machine type is 16F876A



                Name                               Link     Load   Length Selector   Space Scale
C:\Users\Admin\AppData\Local\Temp\se0c.o
                end_init                              0        0        3        0       0
                config                             2007     2007        1     400E       0
dist/default/production\11-Adc-selector.X.production.o
                cinit                               7EE      7EE       12      FDC       0
                text6                               5A6      5A6       13      B4C       0
                text5                               5CC      5CC       20      B98       0
                text4                               5EC      5EC       25      BD8       0
                text3                               64B      64B       44      C96       0
                text2                               611      611       3A      C22       0
                text1                               706      706       E8      E0C       0
                maintext                            68F      68F       77      D1E       0
                cstackBANK0                          20       20       3E       20       1
                cstackCOMMON                         70       70        E       70       1
                inittext                            5B9      5B9       13      B72       0
                dataBANK0                            5E       5E        A       20       1
                strings                               3        3       29        6       0
                idataBANK0                          59C      59C        A      B38       0

TOTAL           Name                               Link     Load   Length     Space
        CLASS   STACK          

        CLASS   CODE           
                end_init                              0        0        3         0
                cinit                               7EE      7EE       12         0
                text6                               5A6      5A6       13         0
                text5                               5CC      5CC       20         0
                text4                               5EC      5EC       25         0
                text3                               64B      64B       44         0
                text2                               611      611       3A         0
                text1                               706      706       E8         0
                maintext                            68F      68F       77         0
                inittext                            5B9      5B9       13         0
                idataBANK0                          59C      59C        A         0

        CLASS   STRCODE        

        CLASS   STRING         
                strings                               3        3       29         0

        CLASS   CONST          

        CLASS   ENTRY          

        CLASS   COMMON         
                cstackCOMMON                         70       70        E         1

        CLASS   BANK0          
                cstackBANK0                          20       20       3E         1
                dataBANK0                            5E       5E        A         1

        CLASS   BANK1          

        CLASS   BANK2          

        CLASS   BANK3          

        CLASS   RAM            

        CLASS   ABS1           
                abs_s1                               7E       7E        2         1

        CLASS   SFR0           

        CLASS   SFR1           

        CLASS   SFR2           

        CLASS   SFR3           

        CLASS   CONFIG         
                config                             2007     2007        1         0

        CLASS   IDLOC          

        CLASS   EEDATA         



SEGMENTS        Name                           Load    Length   Top    Selector   Space  Class     Delta

                reset_vec                      000000  000003  000003         0       0  CODE        2
                strings                        000003  000029  00002C         6       0  STRING      2
                cstackBANK0                    000020  000048  000068        20       1  BANK0       1
                cstackCOMMON                   000070  00000E  00007E        70       1  COMMON      1
                idataBANK0                     00059C  00000A  0005A6       B38       0  CODE        2
                text6                          0005A6  000013  0005B9       B4C       0  CODE        2
                inittext                       0005B9  000013  0005CC       B72       0  CODE        2
                text5                          0005CC  000020  0005EC       B98       0  CODE        2
                text4                          0005EC  000025  000611       BD8       0  CODE        2
                text2                          000611  00003A  00064B       C22       0  CODE        2
                text3                          00064B  000044  00068F       C96       0  CODE        2
                maintext                       00068F  000077  000706       D1E       0  CODE        2
                text1                          000706  0000E8  0007EE       E0C       0  CODE        2
                cinit                          0007EE  000012  000800       FDC       0  CODE        2
                config                         002007  000001  002008      400E       0  CONFIG      2


UNUSED ADDRESS RANGES

        Name                Unused          Largest block    Delta
        BANK0            0068-006F              8           1
        BANK1            00A0-00EF             50           1
        BANK2            0110-016F             60           1
        BANK3            0190-01EF             60           1
        CODE             002C-059B            570           2
                         0800-1FFF            800
        CONST            002C-059B            100           2
                         0800-1FFF            100
        EEDATA           2100-21FF            100           2
        ENTRY            002C-059B            100           2
                         0800-1FFF            100
        IDLOC            2000-2003              4           2
        RAM              0068-006F              8           1
                         00A0-00EF             50
                         0110-016F             60
                         0190-01EF             60
        SFR0             0000-001F             20           1
        SFR1             0080-009F             20           1
        SFR2             0100-010F             10           1
        SFR3             0180-018F             10           1
        STACK            0110-016F             60           1
        STRCODE          002C-059B            570           2
                         0800-1FFF           1800
        STRING           002C-059B            100           2
                         0800-1FFF            100

                                  Symbol Table

?___lwdiv                 cstackCOMMON 0070
?___lwmod                 cstackCOMMON 0078
?_getAdconReg             cstackCOMMON 0070
?_sprintf                 cstackBANK0  0020
_ADCON0                   (abs)        001F
_ADCON1                   (abs)        009F
_ADRESH                   (abs)        001E
_ADRESL                   (abs)        009E
_GO                       (abs)        00FA
_RB0                      (abs)        0030
_RCSTA                    (abs)        0018
_SPBRG                    (abs)        0099
_TRISA                    (abs)        0085
_TRISB                    (abs)        0086
_TRMT                     (abs)        04C1
_TXREG                    (abs)        0019
_TXSTA                    (abs)        0098
__CFG_BOREN$OFF           (abs)        0000
__CFG_CP$OFF              (abs)        0000
__CFG_CPD$OFF             (abs)        0000
__CFG_FOSC$EXTRC          (abs)        0000
__CFG_LVP$OFF             (abs)        0000
__CFG_PWRTE$OFF           (abs)        0000
__CFG_WDTE$OFF            (abs)        0000
__CFG_WRT$OFF             (abs)        0000
__Habs1                   abs1         0000
__Hbank0                  bank0        0000
__Hbank1                  bank1        0000
__Hbank2                  bank2        0000
__Hbank3                  bank3        0000
__Hcinit                  cinit        0800
__Hclrtext                clrtext      0000
__Hcode                   code         0000
__Hcommon                 common       0000
__Hconfig                 config       2008
__HcstackBANK0            cstackBANK0  0000
__HcstackCOMMON           cstackCOMMON 0000
__HdataBANK0              dataBANK0    0000
__Heeprom_data            eeprom_data  0000
__Hend_init               end_init     0003
__Hfunctab                functab      0000
__HidataBANK0             idataBANK0   0000
__Hidloc                  idloc        0000
__Hinit                   init         0000
__Hinittext               inittext     0000
__Hintentry               intentry     0000
__Hmaintext               maintext     0000
__Hpowerup                powerup      0000
__Hram                    ram          0000
__Hreset_vec              reset_vec    0000
__Hsfr0                   sfr0         0000
__Hsfr1                   sfr1         0000
__Hsfr2                   sfr2         0000
__Hsfr3                   sfr3         0000
__Hspace_0                (abs)        2008
__Hspace_1                (abs)        007E
__Hspace_2                (abs)        0000
__Hspace_3                (abs)        0000
__Hstack                  stack        0000
__Hstrings                strings      0000
__Htext                   text         0000
__Labs1                   abs1         0000
__Lbank0                  bank0        0000
__Lbank1                  bank1        0000
__Lbank2                  bank2        0000
__Lbank3                  bank3        0000
__Lcinit                  cinit        07EE
__Lclrtext                clrtext      0000
__Lcode                   code         0000
__Lcommon                 common       0000
__Lconfig                 config       2007
__LcstackBANK0            cstackBANK0  0000
__LcstackCOMMON           cstackCOMMON 0000
__LdataBANK0              dataBANK0    0000
__Leeprom_data            eeprom_data  0000
__Lend_init               end_init     0000
__Lfunctab                functab      0000
__LidataBANK0             idataBANK0   0000
__Lidloc                  idloc        0000
__Linit                   init         0000
__Linittext               inittext     0000
__Lintentry               intentry     0000
__Lmaintext               maintext     0000
__Lpowerup                powerup      0000
__Lram                    ram          0000
__Lreset_vec              reset_vec    0000
__Lsfr0                   sfr0         0000
__Lsfr1                   sfr1         0000
__Lsfr2                   sfr2         0000
__Lsfr3                   sfr3         0000
__Lspace_0                (abs)        0000
__Lspace_1                (abs)        0000
__Lspace_2                (abs)        0000
__Lspace_3                (abs)        0000
__Lstack                  stack        0000
__Lstrings                strings      0000
__Ltext                   text         0000
__S0                      (abs)        2008
__S1                      (abs)        007E
__S2                      (abs)        0000
__S3                      (abs)        0000
___int_sp                 stack        0000
___latbits                (abs)        0002
___lwdiv                  text3        064B
___lwdiv@counter          cstackCOMMON 0077
___lwdiv@dividend         cstackCOMMON 0072
___lwdiv@divisor          cstackCOMMON 0070
___lwdiv@quotient         cstackCOMMON 0075
___lwmod                  text2        0611
___lwmod@counter          cstackCOMMON 007D
___lwmod@dividend         cstackCOMMON 007A
___lwmod@divisor          cstackCOMMON 0078
___sp                     stack        0000
___stackhi                (abs)        0000
___stacklo                (abs)        0000
__end_of___lwdiv          text3        068F
__end_of___lwmod          text2        064B
__end_of__initialization  cinit        07FC
__end_of__stringtab       strings      0009
__end_of_configRegisters  text6        05B9
__end_of_dpowers          strings      0013
__end_of_getAdconReg      text5        05EC
__end_of_main             maintext     0706
__end_of_printMessage     text4        0611
__end_of_sprintf          text1        07EE
__initialization          cinit        07EE
__pcstackBANK0            cstackBANK0  0020
__pcstackCOMMON           cstackCOMMON 0070
__pdataBANK0              dataBANK0    005E
__pidataBANK0             idataBANK0   059C
__pmaintext               maintext     068F
__pstrings                strings      0003
__ptext1                  text1        0706
__ptext2                  text2        0611
__ptext3                  text3        064B
__ptext4                  text4        05EC
__ptext5                  text5        05CC
__ptext6                  text6        05A6
__size_of___lwdiv         (abs)        0000
__size_of___lwmod         (abs)        0000
__size_of_configRegisters (abs)        0000
__size_of_getAdconReg     (abs)        0000
__size_of_main            (abs)        0000
__size_of_printMessage    (abs)        0000
__size_of_sprintf         (abs)        0000
__stringbase              strings      0008
__stringtab               strings      0003
_configRegisters          text6        05A6
_dpowers                  strings      0009
_getAdconReg              text5        05CC
_main                     maintext     068F
_printMessage             text4        05EC
_sprintf                  text1        0706
btemp                     (abs)        007E
end_of_initialization     cinit        07FC
getAdconReg@F829          dataBANK0    005E
getAdconReg@adcon0        cstackBANK0  0020
getAdconReg@pos           cstackCOMMON 0070
init_fetch0               inittext     05B9
init_ram0                 inittext     05BD
intlevel0                 functab      0000
intlevel1                 functab      0000
intlevel2                 functab      0000
intlevel3                 functab      0000
intlevel4                 functab      0000
intlevel5                 functab      0000
main@adc_channel_number   cstackBANK0  005C
main@adc_result           cstackBANK0  005A
main@encoded_result       cstackBANK0  0032
printMessage@i            cstackCOMMON 0071
printMessage@message      cstackCOMMON 0073
reset_vec                 reset_vec    0000
sprintf@ap                cstackBANK0  0028
sprintf@c                 cstackBANK0  002E
sprintf@f                 cstackBANK0  0020
sprintf@flag              cstackBANK0  0029
sprintf@prec              cstackBANK0  002A
sprintf@sp                cstackBANK0  002D
sprintf@val               cstackBANK0  002B
start                     init         0000
start_initialization      cinit        07EE
wtemp0                    (abs)        007E


FUNCTION INFORMATION:

 *************** function _main *****************
 Defined at:
		line 62 in file "adc-selector.c"
 Parameters:    Size  Location     Type
		None
 Auto vars:     Size  Location     Type
  encoded_resu   40   18[BANK0 ] unsigned char [40]
  adc_channel_    2   60[BANK0 ] int 
  adc_result      2   58[BANK0 ] int 
 Return value:  Size  Location     Type
                  1    wreg      void 
 Registers used:
		wreg, fsr0l, fsr0h, status,2, status,0, btemp+1, pclath, cstack
 Tracked objects:
		On entry : 
		On exit  : 
		Unchanged: 
 Data sizes:     COMMON   BANK0   BANK1   BANK3   BANK2
      Params:         0       0       0       0       0
      Locals:         0      44       0       0       0
      Temps:          0       3       0       0       0
      Totals:         0      47       0       0       0
Total ram usage:       47 bytes
 Hardware stack levels required when called:    2
 This function calls:
		_configRegisters
		_getAdconReg
		_printMessage
		_sprintf
 This function is called by:
		Startup code after reset
 This function uses a non-reentrant model


 *************** function _sprintf *****************
 Defined at:
		line 505 in file "D:\pic\sources\c90\common\doprnt.c"
 Parameters:    Size  Location     Type
  sp              1    wreg     PTR unsigned char 
		 -> main@encoded_result(40), 
  f               1    0[BANK0 ] PTR const unsigned char 
		 -> STR_1(25), 
 Auto vars:     Size  Location     Type
  sp              1   13[BANK0 ] PTR unsigned char 
		 -> main@encoded_result(40), 
  tmpval          4    0        struct .
  val             2   11[BANK0 ] unsigned int 
  cp              2    0        PTR const unsigned char 
  len             2    0        unsigned int 
  c               1   14[BANK0 ] unsigned char 
  prec            1   10[BANK0 ] char 
  flag            1    9[BANK0 ] unsigned char 
  ap              1    8[BANK0 ] PTR void [1]
		 -> ?_sprintf(2), 
 Return value:  Size  Location     Type
                  2    0[BANK0 ] int 
 Registers used:
		wreg, fsr0l, fsr0h, status,2, status,0, btemp+1, pclath, cstack
 Tracked objects:
		On entry : 
		On exit  : 
		Unchanged: 
 Data sizes:     COMMON   BANK0   BANK1   BANK3   BANK2
      Params:         0       5       0       0       0
      Locals:         0       7       0       0       0
      Temps:          0       3       0       0       0
      Totals:         0      15       0       0       0
Total ram usage:       15 bytes
 Hardware stack levels used:    1
 Hardware stack levels required when called:    1
 This function calls:
		___lwdiv
		___lwmod
 This function is called by:
		_main
 This function uses a non-reentrant model


 *************** function ___lwmod *****************
 Defined at:
		line 5 in file "D:\pic\sources\c90\common\lwmod.c"
 Parameters:    Size  Location     Type
  divisor         2    8[COMMON] unsigned int 
  dividend        2   10[COMMON] unsigned int 
 Auto vars:     Size  Location     Type
  counter         1   13[COMMON] unsigned char 
 Return value:  Size  Location     Type
                  2    8[COMMON] unsigned int 
 Registers used:
		wreg, status,2, status,0
 Tracked objects:
		On entry : 
		On exit  : 
		Unchanged: 
 Data sizes:     COMMON   BANK0   BANK1   BANK3   BANK2
      Params:         4       0       0       0       0
      Locals:         1       0       0       0       0
      Temps:          1       0       0       0       0
      Totals:         6       0       0       0       0
Total ram usage:        6 bytes
 Hardware stack levels used:    1
 This function calls:
		Nothing
 This function is called by:
		_sprintf
 This function uses a non-reentrant model


 *************** function ___lwdiv *****************
 Defined at:
		line 5 in file "D:\pic\sources\c90\common\lwdiv.c"
 Parameters:    Size  Location     Type
  divisor         2    0[COMMON] unsigned int 
  dividend        2    2[COMMON] unsigned int 
 Auto vars:     Size  Location     Type
  quotient        2    5[COMMON] unsigned int 
  counter         1    7[COMMON] unsigned char 
 Return value:  Size  Location     Type
                  2    0[COMMON] unsigned int 
 Registers used:
		wreg, status,2, status,0
 Tracked objects:
		On entry : 
		On exit  : 
		Unchanged: 
 Data sizes:     COMMON   BANK0   BANK1   BANK3   BANK2
      Params:         4       0       0       0       0
      Locals:         3       0       0       0       0
      Temps:          1       0       0       0       0
      Totals:         8       0       0       0       0
Total ram usage:        8 bytes
 Hardware stack levels used:    1
 This function calls:
		Nothing
 This function is called by:
		_sprintf
 This function uses a non-reentrant model


 *************** function _printMessage *****************
 Defined at:
		line 53 in file "adc-selector.c"
 Parameters:    Size  Location     Type
  message         1    wreg     PTR unsigned char 
		 -> main@encoded_result(40), 
 Auto vars:     Size  Location     Type
  message         1    3[COMMON] PTR unsigned char 
		 -> main@encoded_result(40), 
  i               2    1[COMMON] int 
 Return value:  Size  Location     Type
                  1    wreg      void 
 Registers used:
		wreg, fsr0l, fsr0h, status,2, status,0
 Tracked objects:
		On entry : 
		On exit  : 
		Unchanged: 
 Data sizes:     COMMON   BANK0   BANK1   BANK3   BANK2
      Params:         0       0       0       0       0
      Locals:         3       0       0       0       0
      Temps:          1       0       0       0       0
      Totals:         4       0       0       0       0
Total ram usage:        4 bytes
 Hardware stack levels used:    1
 This function calls:
		Nothing
 This function is called by:
		_main
 This function uses a non-reentrant model


 *************** function _getAdconReg *****************
 Defined at:
		line 43 in file "adc-selector.c"
 Parameters:    Size  Location     Type
  pos             2    0[COMMON] int 
 Auto vars:     Size  Location     Type
  adcon0         10    0[BANK0 ] int [5]
 Return value:  Size  Location     Type
                  2    0[COMMON] int 
 Registers used:
		wreg, fsr0l, fsr0h, status,2, status,0
 Tracked objects:
		On entry : 
		On exit  : 
		Unchanged: 
 Data sizes:     COMMON   BANK0   BANK1   BANK3   BANK2
      Params:         2       0       0       0       0
      Locals:         0      10       0       0       0
      Temps:          4       0       0       0       0
      Totals:         6      10       0       0       0
Total ram usage:       16 bytes
 Hardware stack levels used:    1
 This function calls:
		Nothing
 This function is called by:
		_main
 This function uses a non-reentrant model


 *************** function _configRegisters *****************
 Defined at:
		line 23 in file "adc-selector.c"
 Parameters:    Size  Location     Type
		None
 Auto vars:     Size  Location     Type
		None
 Return value:  Size  Location     Type
                  1    wreg      void 
 Registers used:
		wreg
 Tracked objects:
		On entry : 
		On exit  : 
		Unchanged: 
 Data sizes:     COMMON   BANK0   BANK1   BANK3   BANK2
      Params:         0       0       0       0       0
      Locals:         0       0       0       0       0
      Temps:          0       0       0       0       0
      Totals:         0       0       0       0       0
Total ram usage:        0 bytes
 Hardware stack levels used:    1
 This function calls:
		Nothing
 This function is called by:
		_main
 This function uses a non-reentrant model



MODULE INFORMATION

Module		Function		Class		Link	Load	Size
D:\pic\sources\c90\common\lwdiv.c
		___lwdiv       		CODE           	064B	0000	69

D:\pic\sources\c90\common\lwdiv.c estimated size: 69

shared
		__stringtab    		STRING         	0003	0000	7
		_dpowers       		STRING         	0009	0000	11
		__initialization		CODE           	07EE	0000	15

shared estimated size: 33

D:\pic\sources\c90\common\doprnt.c
		_sprintf       		CODE           	0706	0000	233

D:\pic\sources\c90\common\doprnt.c estimated size: 233

D:\pic\sources\c90\common\lwmod.c
		___lwmod       		CODE           	0611	0000	59

D:\pic\sources\c90\common\lwmod.c estimated size: 59

adc-selector.c
		_main          		CODE           	068F	0000	120
		_configRegisters		CODE           	05A6	0000	20
		_getAdconReg   		CODE           	05CC	0000	33
		_printMessage  		CODE           	05EC	0000	38

adc-selector.c estimated size: 211

