Microchip MPLAB XC8 Compiler V2.10 ()

Linker command line:

-W-3 --edf=D:\pic\dat\en_msgs.txt -cs \
  -h+dist/default/production\6-SerialPassword.X.production.sym \
  --cmf=dist/default/production\6-SerialPassword.X.production.cmf -z \
  -Q16F877A -oC:\Users\Admin\AppData\Local\Temp\s2vc.2 \
  --defsym=__MPLAB_BUILD=1 \
  -Mdist/default/production/6-SerialPassword.X.production.map -E1 -ver=XC8 \
  --acfsm=1493 -ASTACK=0110h-016Fh -pstack=STACK -ACODE=00h-07FFhx4 \
  -ASTRCODE=00h-01FFFh -ASTRING=00h-0FFhx32 -ACONST=00h-0FFhx32 \
  -AENTRY=00h-0FFhx32 -ACOMMON=070h-07Fh -ABANK0=020h-06Fh \
  -ABANK1=0A0h-0EFh -ABANK2=0110h-016Fh -ABANK3=0190h-01EFh \
  -ARAM=020h-06Fh,0A0h-0EFh,0110h-016Fh,0190h-01EFh \
  -AABS1=020h-07Fh,0A0h-0EFh,0110h-016Fh,0190h-01EFh -ASFR0=00h-01Fh \
  -ASFR1=080h-09Fh -ASFR2=0100h-010Fh -ASFR3=0180h-018Fh \
  -preset_vec=00h,intentry,init,end_init -ppowerup=CODE -pcinit=CODE \
  -pfunctab=ENTRY -ACONFIG=02007h-02007h -pconfig=CONFIG -DCONFIG=2 \
  -AIDLOC=02000h-02003h -pidloc=IDLOC -DIDLOC=2 -AEEDATA=00h-0FFh/02100h \
  -peeprom_data=EEDATA -DEEDATA=2 -DCODE=2 -DSTRCODE=2 -DSTRING=2 -DCONST=2 \
  -DENTRY=2 -k C:\Users\Admin\AppData\Local\Temp\s2vc.o \
  dist/default/production\6-SerialPassword.X.production.o 

Object code version is 3.11

Machine type is 16F877A



                Name                               Link     Load   Length Selector   Space Scale
C:\Users\Admin\AppData\Local\Temp\s2vc.o
                end_init                              0        0        3        0       0
                config                             2007     2007        1     400E       0
dist/default/production\6-SerialPassword.X.production.o
                cinit                               7F8      7F8        8      FF0       0
                text5                               6CD      6CD       24      D9A       0
                text4                               78C      78C       6C      F18       0
                text3                               6A3      6A3        C      D46       0
                text2                               6F1      6F1       33      DE2       0
                text1                               724      724       68      E48       0
                maintext                            6AF      6AF       1E      D5E       0
                cstackBANK0                          20       20       2B       20       1
                cstackCOMMON                         70       70        D       70       1
                bssBANK0                             4B       4B        2       20       1
                strings                               3        3       7B        6       0

TOTAL           Name                               Link     Load   Length     Space
        CLASS   STACK          

        CLASS   CODE           
                end_init                              0        0        3         0
                cinit                               7F8      7F8        8         0
                text5                               6CD      6CD       24         0
                text4                               78C      78C       6C         0
                text3                               6A3      6A3        C         0
                text2                               6F1      6F1       33         0
                text1                               724      724       68         0
                maintext                            6AF      6AF       1E         0

        CLASS   STRCODE        

        CLASS   STRING         
                strings                               3        3       7B         0

        CLASS   CONST          

        CLASS   ENTRY          

        CLASS   COMMON         
                cstackCOMMON                         70       70        D         1

        CLASS   BANK0          
                cstackBANK0                          20       20       2B         1
                bssBANK0                             4B       4B        2         1

        CLASS   BANK1          

        CLASS   BANK2          

        CLASS   BANK3          

        CLASS   RAM            

        CLASS   ABS1           
                abs_s1                               7E       7E        2         1

        CLASS   SFR0           

        CLASS   SFR1           

        CLASS   SFR2           

        CLASS   SFR3           

        CLASS   CONFIG         
                config                             2007     2007        1         0

        CLASS   IDLOC          

        CLASS   EEDATA         



SEGMENTS        Name                           Load    Length   Top    Selector   Space  Class     Delta

                reset_vec                      000000  000003  000003         0       0  CODE        2
                strings                        000003  00007B  00007E         6       0  STRING      2
                cstackBANK0                    000020  00002D  00004D        20       1  BANK0       1
                cstackCOMMON                   000070  00000D  00007D        70       1  COMMON      1
                text3                          0006A3  00000C  0006AF       D46       0  CODE        2
                maintext                       0006AF  00001E  0006CD       D5E       0  CODE        2
                text5                          0006CD  000024  0006F1       D9A       0  CODE        2
                text2                          0006F1  000033  000724       DE2       0  CODE        2
                text1                          000724  000068  00078C       E48       0  CODE        2
                text4                          00078C  00006C  0007F8       F18       0  CODE        2
                cinit                          0007F8  000008  000800       FF0       0  CODE        2
                config                         002007  000001  002008      400E       0  CONFIG      2


UNUSED ADDRESS RANGES

        Name                Unused          Largest block    Delta
        BANK0            004D-006F             23           1
        BANK1            00A0-00EF             50           1
        BANK2            0110-016F             60           1
        BANK3            0190-01EF             60           1
        CODE             007E-06A2            625           2
                         0800-1FFF            800
        COMMON           007D-007D              1           1
        CONST            007E-06A2            100           2
                         0800-1FFF            100
        EEDATA           2100-21FF            100           2
        ENTRY            007E-06A2            100           2
                         0800-1FFF            100
        IDLOC            2000-2003              4           2
        RAM              004D-006F             23           1
                         00A0-00EF             50
                         0110-016F             60
                         0190-01EF             60
        SFR0             0000-001F             20           1
        SFR1             0080-009F             20           1
        SFR2             0100-010F             10           1
        SFR3             0180-018F             10           1
        STACK            0110-016F             60           1
        STRCODE          007E-06A2            625           2
                         0800-1FFF           1800
        STRING           007E-06A2            100           2
                         0800-1FFF            100

                                  Symbol Table

?_strcmp                 cstackCOMMON 0070
?_strlen                 cstackCOMMON 0070
_RCIF                    (abs)        0065
_RCREG                   (abs)        001A
_RCSTA                   (abs)        0018
_SPBRG                   (abs)        0099
_TRMT                    (abs)        04C1
_TXREG                   (abs)        0019
_TXSTA                   (abs)        0098
__CFG_BOREN$ON           (abs)        0000
__CFG_CP$OFF             (abs)        0000
__CFG_CPD$OFF            (abs)        0000
__CFG_FOSC$EXTRC         (abs)        0000
__CFG_LVP$ON             (abs)        0000
__CFG_PWRTE$OFF          (abs)        0000
__CFG_WDTE$OFF           (abs)        0000
__CFG_WRT$OFF            (abs)        0000
__Habs1                  abs1         0000
__Hbank0                 bank0        0000
__Hbank1                 bank1        0000
__Hbank2                 bank2        0000
__Hbank3                 bank3        0000
__HbssBANK0              bssBANK0     0000
__Hcinit                 cinit        0800
__Hclrtext               clrtext      0000
__Hcode                  code         0000
__Hcommon                common       0000
__Hconfig                config       2008
__HcstackBANK0           cstackBANK0  0000
__HcstackCOMMON          cstackCOMMON 0000
__Heeprom_data           eeprom_data  0000
__Hend_init              end_init     0003
__Hfunctab               functab      0000
__Hidloc                 idloc        0000
__Hinit                  init         0000
__Hintentry              intentry     0000
__Hmaintext              maintext     0000
__Hpowerup               powerup      0000
__Hram                   ram          0000
__Hreset_vec             reset_vec    0000
__Hsfr0                  sfr0         0000
__Hsfr1                  sfr1         0000
__Hsfr2                  sfr2         0000
__Hsfr3                  sfr3         0000
__Hspace_0               (abs)        2008
__Hspace_1               (abs)        007D
__Hspace_2               (abs)        0000
__Hspace_3               (abs)        0000
__Hstack                 stack        0000
__Hstrings               strings      0000
__Htext                  text         0000
__Labs1                  abs1         0000
__Lbank0                 bank0        0000
__Lbank1                 bank1        0000
__Lbank2                 bank2        0000
__Lbank3                 bank3        0000
__LbssBANK0              bssBANK0     0000
__Lcinit                 cinit        07F8
__Lclrtext               clrtext      0000
__Lcode                  code         0000
__Lcommon                common       0000
__Lconfig                config       2007
__LcstackBANK0           cstackBANK0  0000
__LcstackCOMMON          cstackCOMMON 0000
__Leeprom_data           eeprom_data  0000
__Lend_init              end_init     0000
__Lfunctab               functab      0000
__Lidloc                 idloc        0000
__Linit                  init         0000
__Lintentry              intentry     0000
__Lmaintext              maintext     0000
__Lpowerup               powerup      0000
__Lram                   ram          0000
__Lreset_vec             reset_vec    0000
__Lsfr0                  sfr0         0000
__Lsfr1                  sfr1         0000
__Lsfr2                  sfr2         0000
__Lsfr3                  sfr3         0000
__Lspace_0               (abs)        0000
__Lspace_1               (abs)        0000
__Lspace_2               (abs)        0000
__Lspace_3               (abs)        0000
__Lstack                 stack        0000
__Lstrings               strings      0000
__Ltext                  text         0000
__S0                     (abs)        2008
__S1                     (abs)        007D
__S2                     (abs)        0000
__S3                     (abs)        0000
___int_sp                stack        0000
___latbits               (abs)        0002
___sp                    stack        0000
___stackhi               (abs)        0000
___stacklo               (abs)        0000
__end_of__initialization cinit        07FC
__end_of__stringtab      strings      0013
__end_of_main            maintext     06CD
__end_of_printMessage    text4        07F8
__end_of_read            text1        078C
__end_of_receive         text3        06AF
__end_of_strcmp          text2        0724
__end_of_strlen          text5        06F1
__initialization         cinit        07F8
__pbssBANK0              bssBANK0     004B
__pcstackBANK0           cstackBANK0  0020
__pcstackCOMMON          cstackCOMMON 0070
__pmaintext              maintext     06AF
__pstrings               strings      0003
__ptext1                 text1        0724
__ptext2                 text2        06F1
__ptext3                 text3        06A3
__ptext4                 text4        078C
__ptext5                 text5        06CD
__size_of_main           (abs)        0000
__size_of_printMessage   (abs)        0000
__size_of_read           (abs)        0000
__size_of_receive        (abs)        0000
__size_of_strcmp         (abs)        0000
__size_of_strlen         (abs)        0000
__stringbase             strings      0012
__stringtab              strings      0003
_flag                    bssBANK0     004B
_main                    maintext     06AF
_printMessage            text4        078C
_read                    text1        0724
_receive                 text3        06A3
_strcmp                  text2        06F1
_strlen                  text5        06CD
btemp                    (abs)        007E
end_of_initialization    cinit        07FC
intlevel0                functab      0000
intlevel1                functab      0000
intlevel2                functab      0000
intlevel3                functab      0000
intlevel4                functab      0000
intlevel5                functab      0000
main@input               cstackBANK0  0023
printMessage@i           cstackCOMMON 0079
printMessage@textMessage cstackCOMMON 0074
read@i                   cstackBANK0  0020
read@message             cstackBANK0  0022
receive@ch               cstackCOMMON 0071
reset_vec                reset_vec    0000
start                    init         0000
start_initialization     cinit        07F8
strcmp@r                 cstackCOMMON 0075
strcmp@s1                cstackCOMMON 0076
strcmp@s2                cstackCOMMON 0070
strlen@cp                cstackCOMMON 0072
strlen@s                 cstackCOMMON 0070
wtemp0                   (abs)        007E


FUNCTION INFORMATION:

 *************** function _main *****************
 Defined at:
		line 28 in file "serialPassword.c"
 Parameters:    Size  Location     Type
		None
 Auto vars:     Size  Location     Type
  input          40    3[BANK0 ] unsigned char [40]
 Return value:  Size  Location     Type
                  1    wreg      void 
 Registers used:
		wreg, fsr0l, fsr0h, status,2, status,0, btemp+1, pclath, cstack
 Tracked objects:
		On entry : 
		On exit  : 
		Unchanged: 
 Data sizes:     COMMON   BANK0   BANK1   BANK3   BANK2
      Params:         0       0       0       0       0
      Locals:         0      40       0       0       0
      Temps:          0       0       0       0       0
      Totals:         0      40       0       0       0
Total ram usage:       40 bytes
 Hardware stack levels required when called:    4
 This function calls:
		_printMessage
		_read
 This function is called by:
		Startup code after reset
 This function uses a non-reentrant model


 *************** function _read *****************
 Defined at:
		line 63 in file "serialPassword.c"
 Parameters:    Size  Location     Type
  message         1    wreg     PTR unsigned char 
		 -> main@input(40), 
 Auto vars:     Size  Location     Type
  message         1    2[BANK0 ] PTR unsigned char 
		 -> main@input(40), 
  i               2    0[BANK0 ] int 
 Return value:  Size  Location     Type
                  1    wreg      void 
 Registers used:
		wreg, fsr0l, fsr0h, status,2, status,0, btemp+1, pclath, cstack
 Tracked objects:
		On entry : 
		On exit  : 
		Unchanged: 
 Data sizes:     COMMON   BANK0   BANK1   BANK3   BANK2
      Params:         0       0       0       0       0
      Locals:         0       3       0       0       0
      Temps:          2       0       0       0       0
      Totals:         2       3       0       0       0
Total ram usage:        5 bytes
 Hardware stack levels used:    1
 Hardware stack levels required when called:    3
 This function calls:
		_printMessage
		_receive
		_strcmp
 This function is called by:
		_main
 This function uses a non-reentrant model


 *************** function _strcmp *****************
 Defined at:
		line 33 in file "D:\pic\sources\c90\common\strcmp.c"
 Parameters:    Size  Location     Type
  s1              1    wreg     PTR const unsigned char 
		 -> STR_3(7), 
  s2              1    0[COMMON] PTR const unsigned char 
		 -> main@input(40), 
 Auto vars:     Size  Location     Type
  s1              1    6[COMMON] PTR const unsigned char 
		 -> STR_3(7), 
  r               1    5[COMMON] char 
 Return value:  Size  Location     Type
                  2    0[COMMON] int 
 Registers used:
		wreg, fsr0l, fsr0h, status,2, status,0, pclath
 Tracked objects:
		On entry : 
		On exit  : 
		Unchanged: 
 Data sizes:     COMMON   BANK0   BANK1   BANK3   BANK2
      Params:         2       0       0       0       0
      Locals:         2       0       0       0       0
      Temps:          3       0       0       0       0
      Totals:         7       0       0       0       0
Total ram usage:        7 bytes
 Hardware stack levels used:    2
 This function calls:
		Nothing
 This function is called by:
		_read
 This function uses a non-reentrant model


 *************** function _receive *****************
 Defined at:
		line 86 in file "serialPassword.c"
 Parameters:    Size  Location     Type
		None
 Auto vars:     Size  Location     Type
  ch              1    1[COMMON] unsigned char 
 Return value:  Size  Location     Type
                  1    wreg      unsigned char 
 Registers used:
		wreg
 Tracked objects:
		On entry : 
		On exit  : 
		Unchanged: 
 Data sizes:     COMMON   BANK0   BANK1   BANK3   BANK2
      Params:         0       0       0       0       0
      Locals:         1       0       0       0       0
      Temps:          1       0       0       0       0
      Totals:         2       0       0       0       0
Total ram usage:        2 bytes
 Hardware stack levels used:    1
 This function calls:
		Nothing
 This function is called by:
		_read
 This function uses a non-reentrant model


 *************** function _printMessage *****************
 Defined at:
		line 45 in file "serialPassword.c"
 Parameters:    Size  Location     Type
  textMessage     2    4[COMMON] PTR unsigned char 
		 -> STR_5(30), STR_4(28), STR_2(2), main@input(40), 
		 -> STR_1(40), 
 Auto vars:     Size  Location     Type
  i               2    9[COMMON] int 
 Return value:  Size  Location     Type
                  1    wreg      void 
 Registers used:
		wreg, fsr0l, fsr0h, status,2, status,0, btemp+1, pclath, cstack
 Tracked objects:
		On entry : 
		On exit  : 
		Unchanged: 
 Data sizes:     COMMON   BANK0   BANK1   BANK3   BANK2
      Params:         2       0       0       0       0
      Locals:         2       0       0       0       0
      Temps:          3       0       0       0       0
      Totals:         7       0       0       0       0
Total ram usage:        7 bytes
 Hardware stack levels used:    1
 Hardware stack levels required when called:    2
 This function calls:
		_strlen
 This function is called by:
		_main
		_read
 This function uses a non-reentrant model


 *************** function _strlen *****************
 Defined at:
		line 4 in file "D:\pic\sources\c90\common\strlen.c"
 Parameters:    Size  Location     Type
  s               2    0[COMMON] PTR const unsigned char 
		 -> STR_5(30), STR_4(28), STR_2(2), main@input(40), 
		 -> STR_1(40), 
 Auto vars:     Size  Location     Type
  cp              2    2[COMMON] PTR const unsigned char 
		 -> STR_5(30), STR_4(28), STR_2(2), main@input(40), 
		 -> STR_1(40), 
 Return value:  Size  Location     Type
                  2    0[COMMON] unsigned int 
 Registers used:
		wreg, fsr0l, fsr0h, status,2, status,0, btemp+1, pclath
 Tracked objects:
		On entry : 
		On exit  : 
		Unchanged: 
 Data sizes:     COMMON   BANK0   BANK1   BANK3   BANK2
      Params:         2       0       0       0       0
      Locals:         2       0       0       0       0
      Temps:          0       0       0       0       0
      Totals:         4       0       0       0       0
Total ram usage:        4 bytes
 Hardware stack levels used:    2
 This function calls:
		Nothing
 This function is called by:
		_printMessage
 This function uses a non-reentrant model



MODULE INFORMATION

Module		Function		Class		Link	Load	Size
D:\pic\sources\c90\common\strlen.c
		_strlen        		CODE           	06CD	0000	37

D:\pic\sources\c90\common\strlen.c estimated size: 37

D:\pic\sources\c90\common\strcmp.c
		_strcmp        		CODE           	06F1	0000	52

D:\pic\sources\c90\common\strcmp.c estimated size: 52

shared
		__stringtab    		STRING         	0003	0000	17
		__initialization		CODE           	07F8	0000	5

shared estimated size: 22

serialPassword.c
		_read          		CODE           	0724	0000	105
		_main          		CODE           	06AF	0000	31
		_receive       		CODE           	06A3	0000	13
		_printMessage  		CODE           	078C	0000	109

serialPassword.c estimated size: 258

